Archive member included to satisfy reference by file (symbol)

c:/program files (x86)/atollic/truestudio for stm32 9.3.0/armtools/bin/../lib/gcc/arm-atollic-eabi/6.3.1/../../../../arm-atollic-eabi/lib/armv7e-m/fpu\libc_nano.a(lib_a-errno.o)
                              Src\syscalls.o (__errno)
c:/program files (x86)/atollic/truestudio for stm32 9.3.0/armtools/bin/../lib/gcc/arm-atollic-eabi/6.3.1/../../../../arm-atollic-eabi/lib/armv7e-m/fpu\libc_nano.a(lib_a-impure.o)
                              c:/program files (x86)/atollic/truestudio for stm32 9.3.0/armtools/bin/../lib/gcc/arm-atollic-eabi/6.3.1/../../../../arm-atollic-eabi/lib/armv7e-m/fpu\libc_nano.a(lib_a-errno.o) (_impure_ptr)
c:/program files (x86)/atollic/truestudio for stm32 9.3.0/armtools/bin/../lib/gcc/arm-atollic-eabi/6.3.1/../../../../arm-atollic-eabi/lib/armv7e-m/fpu\libc_nano.a(lib_a-init.o)
                              startup\startup_stm32f334x8.o (__libc_init_array)
c:/program files (x86)/atollic/truestudio for stm32 9.3.0/armtools/bin/../lib/gcc/arm-atollic-eabi/6.3.1/../../../../arm-atollic-eabi/lib/armv7e-m/fpu\libc_nano.a(lib_a-memset.o)
                              Src\main.o (memset)

Allocating common symbols
Common symbol       size              file

huart3              0x80              Src\main.o
uwTick              0x4               Drivers\STM32F3xx_HAL_Driver\Src\stm32f3xx_hal.o
pFlash              0x20              Drivers\STM32F3xx_HAL_Driver\Src\stm32f3xx_hal_flash.o
rs                  0x4               Src\main.o
flVal               0x4               Src\main.o
ValRead             0x1               Src\main.o
col                 0x1               Src\main.o
data                0x1               Src\main.o
htim6               0x40              Src\main.o
addInd              0x1               Src\main.o
str                 0x4               Src\main.o
flenter             0x4               Src\main.o

Discarded input sections

 .text          0x00000000        0x0 c:/program files (x86)/atollic/truestudio for stm32 9.3.0/armtools/bin/../lib/gcc/arm-atollic-eabi/6.3.1/armv7e-m/fpu/crti.o
 .data          0x00000000        0x0 c:/program files (x86)/atollic/truestudio for stm32 9.3.0/armtools/bin/../lib/gcc/arm-atollic-eabi/6.3.1/armv7e-m/fpu/crti.o
 .bss           0x00000000        0x0 c:/program files (x86)/atollic/truestudio for stm32 9.3.0/armtools/bin/../lib/gcc/arm-atollic-eabi/6.3.1/armv7e-m/fpu/crti.o
 .data          0x00000000        0x4 c:/program files (x86)/atollic/truestudio for stm32 9.3.0/armtools/bin/../lib/gcc/arm-atollic-eabi/6.3.1/armv7e-m/fpu/crtbegin.o
 .text          0x00000000        0x0 Drivers\STM32F3xx_HAL_Driver\Src\stm32f3xx_hal.o
 .data          0x00000000        0x0 Drivers\STM32F3xx_HAL_Driver\Src\stm32f3xx_hal.o
 .bss           0x00000000        0x0 Drivers\STM32F3xx_HAL_Driver\Src\stm32f3xx_hal.o
 .text.HAL_DeInit
                0x00000000       0x3c Drivers\STM32F3xx_HAL_Driver\Src\stm32f3xx_hal.o
 .text.HAL_MspInit
                0x00000000        0xe Drivers\STM32F3xx_HAL_Driver\Src\stm32f3xx_hal.o
 .text.HAL_MspDeInit
                0x00000000        0xe Drivers\STM32F3xx_HAL_Driver\Src\stm32f3xx_hal.o
 .text.HAL_GetTickPrio
                0x00000000       0x18 Drivers\STM32F3xx_HAL_Driver\Src\stm32f3xx_hal.o
 .text.HAL_SetTickFreq
                0x00000000       0x50 Drivers\STM32F3xx_HAL_Driver\Src\stm32f3xx_hal.o
 .text.HAL_GetTickFreq
                0x00000000       0x18 Drivers\STM32F3xx_HAL_Driver\Src\stm32f3xx_hal.o
 .text.HAL_SuspendTick
                0x00000000       0x20 Drivers\STM32F3xx_HAL_Driver\Src\stm32f3xx_hal.o
 .text.HAL_ResumeTick
                0x00000000       0x20 Drivers\STM32F3xx_HAL_Driver\Src\stm32f3xx_hal.o
 .text.HAL_GetHalVersion
                0x00000000       0x14 Drivers\STM32F3xx_HAL_Driver\Src\stm32f3xx_hal.o
 .text.HAL_GetREVID
                0x00000000       0x18 Drivers\STM32F3xx_HAL_Driver\Src\stm32f3xx_hal.o
 .text.HAL_GetDEVID
                0x00000000       0x1c Drivers\STM32F3xx_HAL_Driver\Src\stm32f3xx_hal.o
 .text.HAL_GetUIDw0
                0x00000000       0x18 Drivers\STM32F3xx_HAL_Driver\Src\stm32f3xx_hal.o
 .text.HAL_GetUIDw1
                0x00000000       0x18 Drivers\STM32F3xx_HAL_Driver\Src\stm32f3xx_hal.o
 .text.HAL_GetUIDw2
                0x00000000       0x18 Drivers\STM32F3xx_HAL_Driver\Src\stm32f3xx_hal.o
 .text.HAL_DBGMCU_EnableDBGSleepMode
                0x00000000       0x20 Drivers\STM32F3xx_HAL_Driver\Src\stm32f3xx_hal.o
 .text.HAL_DBGMCU_DisableDBGSleepMode
                0x00000000       0x20 Drivers\STM32F3xx_HAL_Driver\Src\stm32f3xx_hal.o
 .text.HAL_DBGMCU_EnableDBGStopMode
                0x00000000       0x20 Drivers\STM32F3xx_HAL_Driver\Src\stm32f3xx_hal.o
 .text.HAL_DBGMCU_DisableDBGStopMode
                0x00000000       0x20 Drivers\STM32F3xx_HAL_Driver\Src\stm32f3xx_hal.o
 .text.HAL_DBGMCU_EnableDBGStandbyMode
[...]
Memory Configuration

Name             Origin             Length             Attributes
RAM              0x20000000         0x00003000         xrw
CCMRAM           0x10000000         0x00001000         xrw
FLASH            0x08000000         0x00010000         xr
*default*        0x00000000         0xffffffff

Linker script and memory map

LOAD c:/program files (x86)/atollic/truestudio for stm32 9.3.0/armtools/bin/../lib/gcc/arm-atollic-eabi/6.3.1/armv7e-m/fpu/crti.o
LOAD c:/program files (x86)/atollic/truestudio for stm32 9.3.0/armtools/bin/../lib/gcc/arm-atollic-eabi/6.3.1/armv7e-m/fpu/crtbegin.o
LOAD Drivers\STM32F3xx_HAL_Driver\Src\stm32f3xx_hal.o
LOAD Drivers\STM32F3xx_HAL_Driver\Src\stm32f3xx_hal_cortex.o
LOAD Drivers\STM32F3xx_HAL_Driver\Src\stm32f3xx_hal_dma.o
LOAD Drivers\STM32F3xx_HAL_Driver\Src\stm32f3xx_hal_exti.o
LOAD Drivers\STM32F3xx_HAL_Driver\Src\stm32f3xx_hal_flash.o
LOAD Drivers\STM32F3xx_HAL_Driver\Src\stm32f3xx_hal_flash_ex.o
LOAD Drivers\STM32F3xx_HAL_Driver\Src\stm32f3xx_hal_gpio.o
LOAD Drivers\STM32F3xx_HAL_Driver\Src\stm32f3xx_hal_i2c.o
LOAD Drivers\STM32F3xx_HAL_Driver\Src\stm32f3xx_hal_i2c_ex.o
LOAD Drivers\STM32F3xx_HAL_Driver\Src\stm32f3xx_hal_pwr.o
LOAD Drivers\STM32F3xx_HAL_Driver\Src\stm32f3xx_hal_pwr_ex.o
LOAD Drivers\STM32F3xx_HAL_Driver\Src\stm32f3xx_hal_rcc.o
LOAD Drivers\STM32F3xx_HAL_Driver\Src\stm32f3xx_hal_rcc_ex.o
LOAD Drivers\STM32F3xx_HAL_Driver\Src\stm32f3xx_hal_tim.o
LOAD Drivers\STM32F3xx_HAL_Driver\Src\stm32f3xx_hal_tim_ex.o
LOAD Drivers\STM32F3xx_HAL_Driver\Src\stm32f3xx_hal_uart.o
LOAD Drivers\STM32F3xx_HAL_Driver\Src\stm32f3xx_hal_uart_ex.o
LOAD Src\main.o
LOAD Src\stm32f3xx_hal_msp.o
LOAD Src\stm32f3xx_it.o
LOAD Src\syscalls.o
LOAD Src\system_stm32f3xx.o
LOAD startup\startup_stm32f334x8.o
                0x00000080                malloc_getpagesize_P = 0x80
START GROUP
LOAD c:/program files (x86)/atollic/truestudio for stm32 9.3.0/armtools/bin/../lib/gcc/arm-atollic-eabi/6.3.1/../../../../arm-atollic-eabi/lib/armv7e-m/fpu\libc_nano.a
LOAD c:/program files (x86)/atollic/truestudio for stm32 9.3.0/armtools/bin/../lib/gcc/arm-atollic-eabi/6.3.1/../../../../arm-atollic-eabi/lib/armv7e-m/fpu\libm.a
END GROUP
START GROUP
LOAD c:/program files (x86)/atollic/truestudio for stm32 9.3.0/armtools/bin/../lib/gcc/arm-atollic-eabi/6.3.1/armv7e-m/fpu\libgcc.a
LOAD c:/program files (x86)/atollic/truestudio for stm32 9.3.0/armtools/bin/../lib/gcc/arm-atollic-eabi/6.3.1/../../../../arm-atollic-eabi/lib/armv7e-m/fpu\libc_nano.a
END GROUP
START GROUP
LOAD c:/program files (x86)/atollic/truestudio for stm32 9.3.0/armtools/bin/../lib/gcc/arm-atollic-eabi/6.3.1/armv7e-m/fpu\libgcc.a
LOAD c:/program files (x86)/atollic/truestudio for stm32 9.3.0/armtools/bin/../lib/gcc/arm-atollic-eabi/6.3.1/../../../../arm-atollic-eabi/lib/armv7e-m/fpu\libc_nano.a
LOAD c:/program files (x86)/atollic/truestudio for stm32 9.3.0/armtools/bin/../lib/gcc/arm-atollic-eabi/6.3.1/../../../../arm-atollic-eabi/lib/armv7e-m/fpu\libnosys.a
END GROUP
START GROUP
LOAD c:/program files (x86)/atollic/truestudio for stm32 9.3.0/armtools/bin/../lib/gcc/arm-atollic-eabi/6.3.1/armv7e-m/fpu\libgcc.a
LOAD c:/program files (x86)/atollic/truestudio for stm32 9.3.0/armtools/bin/../lib/gcc/arm-atollic-eabi/6.3.1/../../../../arm-atollic-eabi/lib/armv7e-m/fpu\libc_nano.a
LOAD c:/program files (x86)/atollic/truestudio for stm32 9.3.0/armtools/bin/../lib/gcc/arm-atollic-eabi/6.3.1/../../../../arm-atollic-eabi/lib/armv7e-m/fpu\libnosys.a
END GROUP
LOAD c:/program files (x86)/atollic/truestudio for stm32 9.3.0/armtools/bin/../lib/gcc/arm-atollic-eabi/6.3.1/armv7e-m/fpu/crtend.o
LOAD c:/program files (x86)/atollic/truestudio for stm32 9.3.0/armtools/bin/../lib/gcc/arm-atollic-eabi/6.3.1/armv7e-m/fpu/crtn.o
                0x20003000                _estack = 0x20003000
                0x00000200                _Min_Heap_Size = 0x200
                0x00000400                _Min_Stack_Size = 0x400

.isr_vector     0x08000000      0x188
                0x08000000                . = ALIGN (0x4)
 *(.isr_vector)
 .isr_vector    0x08000000      0x188 startup\startup_stm32f334x8.o
                0x08000000                g_pfnVectors
                0x08000188                . = ALIGN (0x4)

.text           0x08000188     0x2fbc
                0x08000188                . = ALIGN (0x4)
 *(.text)
 .text          0x08000188       0x40 c:/program files (x86)/atollic/truestudio for stm32 9.3.0/armtools/bin/../lib/gcc/arm-atollic-eabi/6.3.1/armv7e-m/fpu/crtbegin.o
 *(.text*)
 .text.HAL_Init
                0x080001c8       0x2c Drivers\STM32F3xx_HAL_Driver\Src\stm32f3xx_hal.o
                0x080001c8                HAL_Init
 .text.HAL_InitTick
                0x080001f4       0x60 Drivers\STM32F3xx_HAL_Driver\Src\stm32f3xx_hal.o
                0x080001f4                HAL_InitTick
 .text.HAL_IncTick
                0x08000254       0x28 Drivers\STM32F3xx_HAL_Driver\Src\stm32f3xx_hal.o
                0x08000254                HAL_IncTick
 .text.HAL_GetTick
                0x0800027c       0x18 Drivers\STM32F3xx_HAL_Driver\Src\stm32f3xx_hal.o
                0x0800027c                HAL_GetTick
 .text.HAL_Delay
                0x08000294       0x44 Drivers\STM32F3xx_HAL_Driver\Src\stm32f3xx_hal.o
                0x08000294                HAL_Delay
 .text.__NVIC_SetPriorityGrouping
                0x080002d8       0x48 Drivers\STM32F3xx_HAL_Driver\Src\stm32f3xx_hal_cortex.o
 .text.__NVIC_GetPriorityGrouping
                0x08000320       0x1c Drivers\STM32F3xx_HAL_Driver\Src\stm32f3xx_hal_cortex.o
 .text.__NVIC_EnableIRQ
                0x0800033c       0x3c Drivers\STM32F3xx_HAL_Driver\Src\stm32f3xx_hal_cortex.o
 .text.__NVIC_SetPriority
                0x08000378       0x54 Drivers\STM32F3xx_HAL_Driver\Src\stm32f3xx_hal_cortex.o
 .text.NVIC_EncodePriority
                0x080003cc       0x62 Drivers\STM32F3xx_HAL_Driver\Src\stm32f3xx_hal_cortex.o
 *fill*         0x0800042e        0x2 
 .text.SysTick_Config
                0x08000430       0x44 Drivers\STM32F3xx_HAL_Driver\Src\stm32f3xx_hal_cortex.o
 .text.HAL_NVIC_SetPriorityGrouping
                0x08000474       0x16 Drivers\STM32F3xx_HAL_Driver\Src\stm32f3xx_hal_cortex.o
                0x08000474                HAL_NVIC_SetPriorityGrouping
 .text.HAL_NVIC_SetPriority
                0x0800048a       0x38 Drivers\STM32F3xx_HAL_Driver\Src\stm32f3xx_hal_cortex.o
                0x0800048a                HAL_NVIC_SetPriority
 .text.HAL_NVIC_EnableIRQ
                0x080004c2       0x1c Drivers\STM32F3xx_HAL_Driver\Src\stm32f3xx_hal_cortex.o
                0x080004c2                HAL_NVIC_EnableIRQ
 .text.HAL_SYSTICK_Config
                0x080004de       0x18 Drivers\STM32F3xx_HAL_Driver\Src\stm32f3xx_hal_cortex.o
                0x080004de                HAL_SYSTICK_Config
 .text.HAL_DMA_Abort_IT
                0x080004f6       0x7c Drivers\STM32F3xx_HAL_Driver\Src\stm32f3xx_hal_dma.o
                0x080004f6                HAL_DMA_Abort_IT
 *fill*         0x08000572        0x2 
 .text.HAL_GPIO_Init
                0x08000574      0x2e4 Drivers\STM32F3xx_HAL_Driver\Src\stm32f3xx_hal_gpio.o
                0x08000574                HAL_GPIO_Init
 .text.HAL_GPIO_ReadPin
                0x08000858       0x30 Drivers\STM32F3xx_HAL_Driver\Src\stm32f3xx_hal_gpio.o
                0x08000858                HAL_GPIO_ReadPin
 .text.HAL_GPIO_WritePin
                0x08000888       0x30 Drivers\STM32F3xx_HAL_Driver\Src\stm32f3xx_hal_gpio.o
                0x08000888                HAL_GPIO_WritePin
 .text.HAL_RCC_OscConfig
                0x080008b8      0xe10 Drivers\STM32F3xx_HAL_Driver\Src\stm32f3xx_hal_rcc.o
                0x080008b8                HAL_RCC_OscConfig
 .text.HAL_RCC_ClockConfig
                0x080016c8      0x2f8 Drivers\STM32F3xx_HAL_Driver\Src\stm32f3xx_hal_rcc.o
                0x080016c8                HAL_RCC_ClockConfig
 .text.HAL_RCC_GetSysClockFreq
                0x080019c0       0xd4 Drivers\STM32F3xx_HAL_Driver\Src\stm32f3xx_hal_rcc.o
                0x080019c0                HAL_RCC_GetSysClockFreq
 .text.HAL_RCC_GetHCLKFreq
                0x08001a94       0x18 Drivers\STM32F3xx_HAL_Driver\Src\stm32f3xx_hal_rcc.o
                0x08001a94                HAL_RCC_GetHCLKFreq
 .text.HAL_RCC_GetPCLK1Freq
                0x08001aac       0x44 Drivers\STM32F3xx_HAL_Driver\Src\stm32f3xx_hal_rcc.o
                0x08001aac                HAL_RCC_GetPCLK1Freq
 .text.HAL_RCC_GetPCLK2Freq
                0x08001af0       0x44 Drivers\STM32F3xx_HAL_Driver\Src\stm32f3xx_hal_rcc.o
                0x08001af0                HAL_RCC_GetPCLK2Freq
 .text.HAL_TIM_Base_Init
                0x08001b34       0x56 Drivers\STM32F3xx_HAL_Driver\Src\stm32f3xx_hal_tim.o
                0x08001b34                HAL_TIM_Base_Init
 *fill*         0x08001b8a        0x2 
 .text.TIM_Base_SetConfig
                0x08001b8c       0xf0 Drivers\STM32F3xx_HAL_Driver\Src\stm32f3xx_hal_tim.o
                0x08001b8c                TIM_Base_SetConfig
 .text.HAL_TIMEx_MasterConfigSynchronization
                0x08001c7c       0xdc Drivers\STM32F3xx_HAL_Driver\Src\stm32f3xx_hal_tim_ex.o
                0x08001c7c                HAL_TIMEx_MasterConfigSynchronization
 .text.HAL_UART_IRQHandler
                0x08001d58      0x28c Drivers\STM32F3xx_HAL_Driver\Src\stm32f3xx_hal_uart.o
                0x08001d58                HAL_UART_IRQHandler
 .text.HAL_UART_TxCpltCallback
                0x08001fe4       0x14 Drivers\STM32F3xx_HAL_Driver\Src\stm32f3xx_hal_uart.o
                0x08001fe4                HAL_UART_TxCpltCallback
 .text.HAL_UART_ErrorCallback
                0x08001ff8       0x14 Drivers\STM32F3xx_HAL_Driver\Src\stm32f3xx_hal_uart.o
                0x08001ff8                HAL_UART_ErrorCallback
 .text.UART_SetConfig
                0x0800200c      0x304 Drivers\STM32F3xx_HAL_Driver\Src\stm32f3xx_hal_uart.o
                0x0800200c                UART_SetConfig
 .text.UART_AdvFeatureConfig
                0x08002310      0x144 Drivers\STM32F3xx_HAL_Driver\Src\stm32f3xx_hal_uart.o
                0x08002310                UART_AdvFeatureConfig
 .text.UART_CheckIdleState
                0x08002454       0x8a Drivers\STM32F3xx_HAL_Driver\Src\stm32f3xx_hal_uart.o
                0x08002454                UART_CheckIdleState
 .text.UART_WaitOnFlagUntilTimeout
                0x080024de       0xf6 Drivers\STM32F3xx_HAL_Driver\Src\stm32f3xx_hal_uart.o
                0x080024de                UART_WaitOnFlagUntilTimeout
 .text.UART_EndRxTransfer
                0x080025d4       0x40 Drivers\STM32F3xx_HAL_Driver\Src\stm32f3xx_hal_uart.o
 .text.UART_DMAAbortOnError
                0x08002614       0x2c Drivers\STM32F3xx_HAL_Driver\Src\stm32f3xx_hal_uart.o
 .text.UART_EndTransmit_IT
                0x08002640       0x32 Drivers\STM32F3xx_HAL_Driver\Src\stm32f3xx_hal_uart.o
 .text.HAL_RS485Ex_Init
                0x08002672       0xce Drivers\STM32F3xx_HAL_Driver\Src\stm32f3xx_hal_uart_ex.o
                0x08002672                HAL_RS485Ex_Init
 .text.HAL_UARTEx_WakeupCallback
                0x08002740       0x14 Drivers\STM32F3xx_HAL_Driver\Src\stm32f3xx_hal_uart_ex.o
                0x08002740                HAL_UARTEx_WakeupCallback
 .text.Takt     0x08002754       0x44 Src\main.o
                0x08002754                Takt
 .text.Write_DC
                0x08002798       0x40 Src\main.o
                0x08002798                Write_DC
 .text.Cursor   0x080027d8       0x70 Src\main.o
                0x080027d8                Cursor
 .text.WriteProg
                0x08002848       0x80 Src\main.o
                0x08002848                WriteProg
 .text.Dsp1     0x080028c8       0x80 Src\main.o
                0x080028c8                Dsp1
 .text.InitializeLCD
                0x08002948       0x74 Src\main.o
                0x08002948                InitializeLCD
 .text.SvigKursorKnop
                0x080029bc       0xc4 Src\main.o
                0x080029bc                SvigKursorKnop
 .text.ChVal    0x08002a80      0x140 Src\main.o
                0x08002a80                ChVal
 .text.main     0x08002bc0       0x80 Src\main.o
                0x08002bc0                main
 .text.SystemClock_Config
                0x08002c40       0x82 Src\main.o
                0x08002c40                SystemClock_Config
 *fill*         0x08002cc2        0x2 
 .text.MX_TIM6_Init
                0x08002cc4       0x6c Src\main.o
 .text.MX_USART3_UART_Init
                0x08002d30       0x64 Src\main.o
 .text.MX_GPIO_Init
                0x08002d94      0x120 Src\main.o
 .text.Error_Handler
                0x08002eb4        0xe Src\main.o
                0x08002eb4                Error_Handler
 *fill*         0x08002ec2        0x2 
 .text.HAL_MspInit
                0x08002ec4       0x48 Src\stm32f3xx_hal_msp.o
                0x08002ec4                HAL_MspInit
 .text.HAL_TIM_Base_MspInit
                0x08002f0c       0x40 Src\stm32f3xx_hal_msp.o
                0x08002f0c                HAL_TIM_Base_MspInit
 .text.HAL_UART_MspInit
                0x08002f4c       0x98 Src\stm32f3xx_hal_msp.o
                0x08002f4c                HAL_UART_MspInit
 .text.NMI_Handler
                0x08002fe4        0xe Src\stm32f3xx_it.o
                0x08002fe4                NMI_Handler
 .text.HardFault_Handler
                0x08002ff2        0x6 Src\stm32f3xx_it.o
                0x08002ff2                HardFault_Handler
 .text.MemManage_Handler
                0x08002ff8        0x6 Src\stm32f3xx_it.o
                0x08002ff8                MemManage_Handler
 .text.BusFault_Handler
                0x08002ffe        0x6 Src\stm32f3xx_it.o
                0x08002ffe                BusFault_Handler
 .text.UsageFault_Handler
                0x08003004        0x6 Src\stm32f3xx_it.o
                0x08003004                UsageFault_Handler
 .text.SVC_Handler
                0x0800300a        0xe Src\stm32f3xx_it.o
                0x0800300a                SVC_Handler
 .text.DebugMon_Handler
                0x08003018        0xe Src\stm32f3xx_it.o
                0x08003018                DebugMon_Handler
 .text.PendSV_Handler
                0x08003026        0xe Src\stm32f3xx_it.o
                0x08003026                PendSV_Handler
 .text.SysTick_Handler
                0x08003034        0xc Src\stm32f3xx_it.o
                0x08003034                SysTick_Handler
 .text.USART3_IRQHandler
                0x08003040       0x14 Src\stm32f3xx_it.o
                0x08003040                USART3_IRQHandler
 .text.SystemInit
                0x08003054       0x2c Src\system_stm32f3xx.o
                0x08003054                SystemInit
 .text.Reset_Handler
                0x08003080       0x50 startup\startup_stm32f334x8.o
                0x08003080                Reset_Handler
 .text.Default_Handler
                0x080030d0        0x2 startup\startup_stm32f334x8.o
                0x080030d0                RTC_Alarm_IRQHandler
                0x080030d0                HRTIM1_Master_IRQHandler
                0x080030d0                TIM1_CC_IRQHandler
                0x080030d0                HRTIM1_FLT_IRQHandler
                0x080030d0                PVD_IRQHandler
                0x080030d0                HRTIM1_TIMD_IRQHandler
                0x080030d0                TAMP_STAMP_IRQHandler
                0x080030d0                EXTI3_IRQHandler
                0x080030d0                EXTI0_IRQHandler
                0x080030d0                FPU_IRQHandler
                0x080030d0                CAN_TX_IRQHandler
                0x080030d0                TIM1_UP_TIM16_IRQHandler
                0x080030d0                ADC1_2_IRQHandler
                0x080030d0                HRTIM1_TIME_IRQHandler
                0x080030d0                SPI1_IRQHandler
                0x080030d0                CAN_SCE_IRQHandler
                0x080030d0                HRTIM1_TIMC_IRQHandler
                0x080030d0                DMA1_Channel4_IRQHandler
                0x080030d0                DMA1_Channel7_IRQHandler
                0x080030d0                TIM7_DAC2_IRQHandler
                0x080030d0                CAN_RX1_IRQHandler
                0x080030d0                I2C1_EV_IRQHandler
                0x080030d0                DMA1_Channel6_IRQHandler
                0x080030d0                TIM3_IRQHandler
                0x080030d0                RCC_IRQHandler
                0x080030d0                DMA1_Channel1_IRQHandler
                0x080030d0                Default_Handler
                0x080030d0                EXTI15_10_IRQHandler
                0x080030d0                COMP2_IRQHandler
                0x080030d0                HRTIM1_TIMA_IRQHandler
                0x080030d0                TIM6_DAC1_IRQHandler
                0x080030d0                EXTI9_5_IRQHandler
                0x080030d0                RTC_WKUP_IRQHandler
                0x080030d0                DMA1_Channel5_IRQHandler
                0x080030d0                EXTI4_IRQHandler
                0x080030d0                HRTIM1_TIMB_IRQHandler
                0x080030d0                TIM1_TRG_COM_TIM17_IRQHandler
                0x080030d0                DMA1_Channel3_IRQHandler
                0x080030d0                WWDG_IRQHandler
                0x080030d0                TIM2_IRQHandler
                0x080030d0                EXTI1_IRQHandler
                0x080030d0                COMP4_6_IRQHandler
                0x080030d0                USART2_IRQHandler
                0x080030d0                DMA1_Channel2_IRQHandler
                0x080030d0                FLASH_IRQHandler
                0x080030d0                USART1_IRQHandler
                0x080030d0                CAN_RX0_IRQHandler
                0x080030d0                I2C1_ER_IRQHandler
                0x080030d0                EXTI2_TSC_IRQHandler
                0x080030d0                TIM1_BRK_TIM15_IRQHandler
 *fill*         0x080030d2        0x2 
 .text.__libc_init_array
                0x080030d4       0x48 c:/program files (x86)/atollic/truestudio for stm32 9.3.0/armtools/bin/../lib/gcc/arm-atollic-eabi/6.3.1/../../../../arm-atollic-eabi/lib/armv7e-m/fpu\libc_nano.a(lib_a-init.o)
                0x080030d4                __libc_init_array
 .text.memset   0x0800311c       0x10 c:/program files (x86)/atollic/truestudio for stm32 9.3.0/armtools/bin/../lib/gcc/arm-atollic-eabi/6.3.1/../../../../arm-atollic-eabi/lib/armv7e-m/fpu\libc_nano.a(lib_a-memset.o)
                0x0800311c                memset
 *(.glue_7)
 .glue_7        0x0800312c        0x0 linker stubs
 *(.glue_7t)
 .glue_7t       0x0800312c        0x0 linker stubs
 *(.eh_frame)
 .eh_frame      0x0800312c        0x0 c:/program files (x86)/atollic/truestudio for stm32 9.3.0/armtools/bin/../lib/gcc/arm-atollic-eabi/6.3.1/armv7e-m/fpu/crtbegin.o
 *(.init)
 .init          0x0800312c        0x4 c:/program files (x86)/atollic/truestudio for stm32 9.3.0/armtools/bin/../lib/gcc/arm-atollic-eabi/6.3.1/armv7e-m/fpu/crti.o
                0x0800312c                _init
 .init          0x08003130        0x8 c:/program files (x86)/atollic/truestudio for stm32 9.3.0/armtools/bin/../lib/gcc/arm-atollic-eabi/6.3.1/armv7e-m/fpu/crtn.o
 *(.fini)
 .fini          0x08003138        0x4 c:/program files (x86)/atollic/truestudio for stm32 9.3.0/armtools/bin/../lib/gcc/arm-atollic-eabi/6.3.1/armv7e-m/fpu/crti.o
                0x08003138                _fini
 .fini          0x0800313c        0x8 c:/program files (x86)/atollic/truestudio for stm32 9.3.0/armtools/bin/../lib/gcc/arm-atollic-eabi/6.3.1/armv7e-m/fpu/crtn.o
                0x08003144                . = ALIGN (0x4)
                0x08003144                _etext = .

.vfp11_veneer   0x08003144        0x0
 .vfp11_veneer  0x08003144        0x0 linker stubs

.v4_bx          0x08003144        0x0
 .v4_bx         0x08003144        0x0 linker stubs

.iplt           0x08003144        0x0
 .iplt          0x08003144        0x0 c:/program files (x86)/atollic/truestudio for stm32 9.3.0/armtools/bin/../lib/gcc/arm-atollic-eabi/6.3.1/armv7e-m/fpu/crtbegin.o

.rodata         0x08003144       0x38
                0x08003144                . = ALIGN (0x4)
 *(.rodata)
 *(.rodata*)
 .rodata.aPLLMULFactorTable
                0x08003144       0x10 Drivers\STM32F3xx_HAL_Driver\Src\stm32f3xx_hal_rcc.o
                0x08003144                aPLLMULFactorTable
 .rodata.aPredivFactorTable
                0x08003154       0x10 Drivers\STM32F3xx_HAL_Driver\Src\stm32f3xx_hal_rcc.o
                0x08003154                aPredivFactorTable
 .rodata.AHBPrescTable
                0x08003164       0x10 Src\system_stm32f3xx.o
                0x08003164                AHBPrescTable
 .rodata.APBPrescTable
                0x08003174        0x8 Src\system_stm32f3xx.o
                0x08003174                APBPrescTable
                0x0800317c                . = ALIGN (0x4)

.rel.dyn        0x0800317c        0x0
 .rel.iplt      0x0800317c        0x0 c:/program files (x86)/atollic/truestudio for stm32 9.3.0/armtools/bin/../lib/gcc/arm-atollic-eabi/6.3.1/armv7e-m/fpu/crtbegin.o

.ARM.extab
 *(.ARM.extab* .gnu.linkonce.armextab.*)

.ARM            0x0800317c        0x0
                0x0800317c                __exidx_start = .
 *(.ARM.exidx*)
                0x0800317c                __exidx_end = .

.preinit_array  0x0800317c        0x0
                0x0800317c                PROVIDE (__preinit_array_start, .)
 *(.preinit_array*)
                0x0800317c                PROVIDE (__preinit_array_end, .)

.init_array     0x0800317c        0x4
                0x0800317c                PROVIDE (__init_array_start, .)
 *(SORT(.init_array.*))
 *(.init_array*)
 .init_array    0x0800317c        0x4 c:/program files (x86)/atollic/truestudio for stm32 9.3.0/armtools/bin/../lib/gcc/arm-atollic-eabi/6.3.1/armv7e-m/fpu/crtbegin.o
                0x08003180                PROVIDE (__init_array_end, .)

.fini_array     0x08003180        0x4
                [!provide]                PROVIDE (__fini_array_start, .)
 *(SORT(.fini_array.*))
 *(.fini_array*)
 .fini_array    0x08003180        0x4 c:/program files (x86)/atollic/truestudio for stm32 9.3.0/armtools/bin/../lib/gcc/arm-atollic-eabi/6.3.1/armv7e-m/fpu/crtbegin.o
                [!provide]                PROVIDE (__fini_array_end, .)
                0x08003184                _sidata = LOADADDR (.data)

.data           0x20000000        0xc load address 0x08003184
                0x20000000                . = ALIGN (0x4)
                0x20000000                _sdata = .
 *(.data)
 *(.data*)
 .data.uwTickPrio
                0x20000000        0x4 Drivers\STM32F3xx_HAL_Driver\Src\stm32f3xx_hal.o
                0x20000000                uwTickPrio
 .data.uwTickFreq
                0x20000004        0x1 Drivers\STM32F3xx_HAL_Driver\Src\stm32f3xx_hal.o
                0x20000004                uwTickFreq
 *fill*         0x20000005        0x3 
 .data.SystemCoreClock
                0x20000008        0x4 Src\system_stm32f3xx.o
                0x20000008                SystemCoreClock
                0x2000000c                . = ALIGN (0x4)
                0x2000000c                _edata = .
                0x08003190                _siccmram = LOADADDR (.ccmram)

.igot.plt       0x2000000c        0x0 load address 0x08003190
 .igot.plt      0x2000000c        0x0 c:/program files (x86)/atollic/truestudio for stm32 9.3.0/armtools/bin/../lib/gcc/arm-atollic-eabi/6.3.1/armv7e-m/fpu/crtbegin.o

.ccmram         0x10000000        0x0 load address 0x08003190
                0x10000000                . = ALIGN (0x4)
                0x10000000                _sccmram = .
 *(.ccmram)
 *(.ccmram*)
                0x10000000                . = ALIGN (0x4)
                0x10000000                _eccmram = .
                0x10000000                . = ALIGN (0x4)

.bss            0x2000000c       0xfc
                0x2000000c                _sbss = .
                0x2000000c                __bss_start__ = _sbss
 *(.bss)
 .bss           0x2000000c       0x1c c:/program files (x86)/atollic/truestudio for stm32 9.3.0/armtools/bin/../lib/gcc/arm-atollic-eabi/6.3.1/armv7e-m/fpu/crtbegin.o
 *(.bss*)
 .bss.tn        0x20000028        0x4 Src\main.o
                0x20000028                tn
 *(COMMON)
 COMMON         0x2000002c        0x4 Drivers\STM32F3xx_HAL_Driver\Src\stm32f3xx_hal.o
                0x2000002c                uwTick
 COMMON         0x20000030       0xd8 Src\main.o
                0x20000030                huart3
                0x200000b0                rs
                0x200000b4                flVal
                0x200000b8                ValRead
                0x200000b9                col
                0x200000ba                data
                0x200000bc                htim6
                0x200000fc                addInd
                0x20000100                str
                0x20000104                flenter
                0x20000108                . = ALIGN (0x4)
                0x20000108                _ebss = .
                0x20000108                __bss_end__ = _ebss

._user_heap_stack
                0x20000108      0x600
                0x20000108                . = ALIGN (0x4)
                0x20000108                PROVIDE (end, .)
                [!provide]                PROVIDE (_end, .)
                0x20000308                . = (. + _Min_Heap_Size)
 *fill*         0x20000108      0x200 
                0x20000708                . = (. + _Min_Stack_Size)
 *fill*         0x20000308      0x400 
                0x20000708                . = ALIGN (0x4)

/DISCARD/
 libc.a(*)
 libm.a(*)
 libgcc.a(*)

.ARM.attributes
                0x00000000       0x30
 *(.ARM.attributes)
 .ARM.attributes
                0x00000000       0x22 c:/program files (x86)/atollic/truestudio for stm32 9.3.0/armtools/bin/../lib/gcc/arm-atollic-eabi/6.3.1/armv7e-m/fpu/crti.o
 .ARM.attributes
                0x00000022       0x34 c:/program files (x86)/atollic/truestudio for stm32 9.3.0/armtools/bin/../lib/gcc/arm-atollic-eabi/6.3.1/armv7e-m/fpu/crtbegin.o
 .ARM.attributes
                0x00000056       0x39 Drivers\STM32F3xx_HAL_Driver\Src\stm32f3xx_hal.o
 .ARM.attributes
                0x0000008f       0x39 Drivers\STM32F3xx_HAL_Driver\Src\stm32f3xx_hal_cortex.o
 .ARM.attributes
                0x000000c8       0x39 Drivers\STM32F3xx_HAL_Driver\Src\stm32f3xx_hal_dma.o
 .ARM.attributes
                0x00000101       0x39 Drivers\STM32F3xx_HAL_Driver\Src\stm32f3xx_hal_gpio.o
 .ARM.attributes
                0x0000013a       0x39 Drivers\STM32F3xx_HAL_Driver\Src\stm32f3xx_hal_rcc.o
 .ARM.attributes
                0x00000173       0x39 Drivers\STM32F3xx_HAL_Driver\Src\stm32f3xx_hal_tim.o
 .ARM.attributes
                0x000001ac       0x39 Drivers\STM32F3xx_HAL_Driver\Src\stm32f3xx_hal_tim_ex.o
 .ARM.attributes
                0x000001e5       0x39 Drivers\STM32F3xx_HAL_Driver\Src\stm32f3xx_hal_uart.o
 .ARM.attributes
                0x0000021e       0x39 Drivers\STM32F3xx_HAL_Driver\Src\stm32f3xx_hal_uart_ex.o
 .ARM.attributes
                0x00000257       0x39 Src\main.o
 .ARM.attributes
                0x00000290       0x39 Src\stm32f3xx_hal_msp.o
 .ARM.attributes
                0x000002c9       0x39 Src\stm32f3xx_it.o
 .ARM.attributes
                0x00000302       0x39 Src\system_stm32f3xx.o
 .ARM.attributes
                0x0000033b       0x21 startup\startup_stm32f334x8.o
 .ARM.attributes
                0x0000035c       0x34 c:/program files (x86)/atollic/truestudio for stm32 9.3.0/armtools/bin/../lib/gcc/arm-atollic-eabi/6.3.1/../../../../arm-atollic-eabi/lib/armv7e-m/fpu\libc_nano.a(lib_a-init.o)
 .ARM.attributes
                0x00000390       0x34 c:/program files (x86)/atollic/truestudio for stm32 9.3.0/armtools/bin/../lib/gcc/arm-atollic-eabi/6.3.1/../../../../arm-atollic-eabi/lib/armv7e-m/fpu\libc_nano.a(lib_a-memset.o)
 .ARM.attributes
                0x000003c4       0x22 c:/program files (x86)/atollic/truestudio for stm32 9.3.0/armtools/bin/../lib/gcc/arm-atollic-eabi/6.3.1/armv7e-m/fpu/crtn.o
OUTPUT(ModbusTermo311.elf elf32-littlearm)

.debug_info     0x00000000     0xb9c8
 .debug_info    0x00000000      0x782 Drivers\STM32F3xx_HAL_Driver\Src\stm32f3xx_hal.o
 .debug_info    0x00000782      0xb7f Drivers\STM32F3xx_HAL_Driver\Src\stm32f3xx_hal_cortex.o
 .debug_info    0x00001301      0x7c7 Drivers\STM32F3xx_HAL_Driver\Src\stm32f3xx_hal_dma.o
 .debug_info    0x00001ac8      0x7c1 Drivers\STM32F3xx_HAL_Driver\Src\stm32f3xx_hal_gpio.o
 .debug_info    0x00002289     0x180e Drivers\STM32F3xx_HAL_Driver\Src\stm32f3xx_hal_rcc.o
 .debug_info    0x00003a97     0x2643 Drivers\STM32F3xx_HAL_Driver\Src\stm32f3xx_hal_tim.o
 .debug_info    0x000060da     0x11d3 Drivers\STM32F3xx_HAL_Driver\Src\stm32f3xx_hal_tim_ex.o
 .debug_info    0x000072ad     0x158f Drivers\STM32F3xx_HAL_Driver\Src\stm32f3xx_hal_uart.o
 .debug_info    0x0000883c      0x89c Drivers\STM32F3xx_HAL_Driver\Src\stm32f3xx_hal_uart_ex.o
 .debug_info    0x000090d8      0xf7d Src\main.o
 .debug_info    0x0000a055      0xd85 Src\stm32f3xx_hal_msp.o
 .debug_info    0x0000adda      0x731 Src\stm32f3xx_it.o
 .debug_info    0x0000b50b      0x45e Src\system_stm32f3xx.o
 .debug_info    0x0000b969       0x5f startup\startup_stm32f334x8.o

.debug_abbrev   0x00000000     0x1987
 .debug_abbrev  0x00000000      0x1c2 Drivers\STM32F3xx_HAL_Driver\Src\stm32f3xx_hal.o
 .debug_abbrev  0x000001c2      0x2d0 Drivers\STM32F3xx_HAL_Driver\Src\stm32f3xx_hal_cortex.o
 .debug_abbrev  0x00000492      0x1f9 Drivers\STM32F3xx_HAL_Driver\Src\stm32f3xx_hal_dma.o
 .debug_abbrev  0x0000068b      0x1bb Drivers\STM32F3xx_HAL_Driver\Src\stm32f3xx_hal_gpio.o
 .debug_abbrev  0x00000846      0x287 Drivers\STM32F3xx_HAL_Driver\Src\stm32f3xx_hal_rcc.o
 .debug_abbrev  0x00000acd      0x229 Drivers\STM32F3xx_HAL_Driver\Src\stm32f3xx_hal_tim.o
 .debug_abbrev  0x00000cf6      0x217 Drivers\STM32F3xx_HAL_Driver\Src\stm32f3xx_hal_tim_ex.o
 .debug_abbrev  0x00000f0d      0x200 Drivers\STM32F3xx_HAL_Driver\Src\stm32f3xx_hal_uart.o
 .debug_abbrev  0x0000110d      0x1dd Drivers\STM32F3xx_HAL_Driver\Src\stm32f3xx_hal_uart_ex.o
 .debug_abbrev  0x000012ea      0x268 Src\main.o
 .debug_abbrev  0x00001552      0x1b9 Src\stm32f3xx_hal_msp.o
 .debug_abbrev  0x0000170b      0x144 Src\stm32f3xx_it.o
 .debug_abbrev  0x0000184f      0x126 Src\system_stm32f3xx.o
 .debug_abbrev  0x00001975       0x12 startup\startup_stm32f334x8.o

.debug_aranges  0x00000000      0xc58
 .debug_aranges
                0x00000000       0xe0 Drivers\STM32F3xx_HAL_Driver\Src\stm32f3xx_hal.o
 .debug_aranges
                0x000000e0      0x100 Drivers\STM32F3xx_HAL_Driver\Src\stm32f3xx_hal_cortex.o
 .debug_aranges
                0x000001e0       0x88 Drivers\STM32F3xx_HAL_Driver\Src\stm32f3xx_hal_dma.o
 .debug_aranges
                0x00000268       0x58 Drivers\STM32F3xx_HAL_Driver\Src\stm32f3xx_hal_gpio.o
 .debug_aranges
                0x000002c0       0x88 Drivers\STM32F3xx_HAL_Driver\Src\stm32f3xx_hal_rcc.o
 .debug_aranges
                0x00000348      0x3c8 Drivers\STM32F3xx_HAL_Driver\Src\stm32f3xx_hal_tim.o
 .debug_aranges
                0x00000710      0x160 Drivers\STM32F3xx_HAL_Driver\Src\stm32f3xx_hal_tim_ex.o
 .debug_aranges
                0x00000870      0x210 Drivers\STM32F3xx_HAL_Driver\Src\stm32f3xx_hal_uart.o
 .debug_aranges
                0x00000a80       0x50 Drivers\STM32F3xx_HAL_Driver\Src\stm32f3xx_hal_uart_ex.o
 .debug_aranges
                0x00000ad0       0x90 Src\main.o
 .debug_aranges
                0x00000b60       0x40 Src\stm32f3xx_hal_msp.o
 .debug_aranges
                0x00000ba0       0x68 Src\stm32f3xx_it.o
 .debug_aranges
                0x00000c08       0x28 Src\system_stm32f3xx.o
 .debug_aranges
                0x00000c30       0x28 startup\startup_stm32f334x8.o

.debug_ranges   0x00000000      0xb80
 .debug_ranges  0x00000000       0xd0 Drivers\STM32F3xx_HAL_Driver\Src\stm32f3xx_hal.o
 .debug_ranges  0x000000d0       0xf0 Drivers\STM32F3xx_HAL_Driver\Src\stm32f3xx_hal_cortex.o
 .debug_ranges  0x000001c0       0x78 Drivers\STM32F3xx_HAL_Driver\Src\stm32f3xx_hal_dma.o
 .debug_ranges  0x00000238       0x48 Drivers\STM32F3xx_HAL_Driver\Src\stm32f3xx_hal_gpio.o
 .debug_ranges  0x00000280       0x78 Drivers\STM32F3xx_HAL_Driver\Src\stm32f3xx_hal_rcc.o
 .debug_ranges  0x000002f8      0x3b8 Drivers\STM32F3xx_HAL_Driver\Src\stm32f3xx_hal_tim.o
 .debug_ranges  0x000006b0      0x150 Drivers\STM32F3xx_HAL_Driver\Src\stm32f3xx_hal_tim_ex.o
 .debug_ranges  0x00000800      0x200 Drivers\STM32F3xx_HAL_Driver\Src\stm32f3xx_hal_uart.o
 .debug_ranges  0x00000a00       0x40 Drivers\STM32F3xx_HAL_Driver\Src\stm32f3xx_hal_uart_ex.o
 .debug_ranges  0x00000a40       0x80 Src\main.o
 .debug_ranges  0x00000ac0       0x30 Src\stm32f3xx_hal_msp.o
 .debug_ranges  0x00000af0       0x58 Src\stm32f3xx_it.o
 .debug_ranges  0x00000b48       0x18 Src\system_stm32f3xx.o
 .debug_ranges  0x00000b60       0x20 startup\startup_stm32f334x8.o

.debug_line     0x00000000     0x55f4
 .debug_line    0x00000000      0x3e6 Drivers\STM32F3xx_HAL_Driver\Src\stm32f3xx_hal.o
 .debug_line    0x000003e6      0x4b6 Drivers\STM32F3xx_HAL_Driver\Src\stm32f3xx_hal_cortex.o
 .debug_line    0x0000089c      0x445 Drivers\STM32F3xx_HAL_Driver\Src\stm32f3xx_hal_dma.o
 .debug_line    0x00000ce1      0x39d Drivers\STM32F3xx_HAL_Driver\Src\stm32f3xx_hal_gpio.o
 .debug_line    0x0000107e      0x9ab Drivers\STM32F3xx_HAL_Driver\Src\stm32f3xx_hal_rcc.o
 .debug_line    0x00001a29     0x164e Drivers\STM32F3xx_HAL_Driver\Src\stm32f3xx_hal_tim.o
 .debug_line    0x00003077      0x8eb Drivers\STM32F3xx_HAL_Driver\Src\stm32f3xx_hal_tim_ex.o
 .debug_line    0x00003962      0xcf6 Drivers\STM32F3xx_HAL_Driver\Src\stm32f3xx_hal_uart.o
 .debug_line    0x00004658      0x35d Drivers\STM32F3xx_HAL_Driver\Src\stm32f3xx_hal_uart_ex.o
 .debug_line    0x000049b5      0x432 Src\main.o
 .debug_line    0x00004de7      0x2b3 Src\stm32f3xx_hal_msp.o
 .debug_line    0x0000509a      0x2cf Src\stm32f3xx_it.o
 .debug_line    0x00005369      0x20d Src\system_stm32f3xx.o
 .debug_line    0x00005576       0x7e startup\startup_stm32f334x8.o

.debug_str      0x00000000     0x38bd
 .debug_str     0x00000000      0x87c Drivers\STM32F3xx_HAL_Driver\Src\stm32f3xx_hal.o
                                0x8e0 (size before relaxing)
 .debug_str     0x0000087c      0x40a Drivers\STM32F3xx_HAL_Driver\Src\stm32f3xx_hal_cortex.o
                                0xa1f (size before relaxing)
 .debug_str     0x00000c86      0x3f9 Drivers\STM32F3xx_HAL_Driver\Src\stm32f3xx_hal_dma.o
                                0x6f2 (size before relaxing)
 .debug_str     0x0000107f      0x242 Drivers\STM32F3xx_HAL_Driver\Src\stm32f3xx_hal_gpio.o
                                0x583 (size before relaxing)
 .debug_str     0x000012c1      0x332 Drivers\STM32F3xx_HAL_Driver\Src\stm32f3xx_hal_rcc.o
                                0x6ee (size before relaxing)
 .debug_str     0x000015f3     0x1064 Drivers\STM32F3xx_HAL_Driver\Src\stm32f3xx_hal_tim.o
                               0x1579 (size before relaxing)
 .debug_str     0x00002657      0x5f0 Drivers\STM32F3xx_HAL_Driver\Src\stm32f3xx_hal_tim_ex.o
                                0xd80 (size before relaxing)
 .debug_str     0x00002c47      0x8f4 Drivers\STM32F3xx_HAL_Driver\Src\stm32f3xx_hal_uart.o
                                0xe4d (size before relaxing)
 .debug_str     0x0000353b      0x160 Drivers\STM32F3xx_HAL_Driver\Src\stm32f3xx_hal_uart_ex.o
                                0x80e (size before relaxing)
 .debug_str     0x0000369b       0xeb Src\main.o
                                0xbb8 (size before relaxing)
 .debug_str     0x00003786       0x25 Src\stm32f3xx_hal_msp.o
                                0xd05 (size before relaxing)
 .debug_str     0x000037ab       0xb8 Src\stm32f3xx_it.o
                                0x702 (size before relaxing)
 .debug_str     0x00003863       0x5a Src\system_stm32f3xx.o
                                0x373 (size before relaxing)

.comment        0x00000000       0x7c
 .comment       0x00000000       0x7c Drivers\STM32F3xx_HAL_Driver\Src\stm32f3xx_hal.o
                                 0x7d (size before relaxing)
 .comment       0x0000007c       0x7d Drivers\STM32F3xx_HAL_Driver\Src\stm32f3xx_hal_cortex.o
 .comment       0x0000007c       0x7d Drivers\STM32F3xx_HAL_Driver\Src\stm32f3xx_hal_dma.o
 .comment       0x0000007c       0x7d Drivers\STM32F3xx_HAL_Driver\Src\stm32f3xx_hal_gpio.o
 .comment       0x0000007c       0x7d Drivers\STM32F3xx_HAL_Driver\Src\stm32f3xx_hal_rcc.o
 .comment       0x0000007c       0x7d Drivers\STM32F3xx_HAL_Driver\Src\stm32f3xx_hal_tim.o
 .comment       0x0000007c       0x7d Drivers\STM32F3xx_HAL_Driver\Src\stm32f3xx_hal_tim_ex.o
 .comment       0x0000007c       0x7d Drivers\STM32F3xx_HAL_Driver\Src\stm32f3xx_hal_uart.o
 .comment       0x0000007c       0x7d Drivers\STM32F3xx_HAL_Driver\Src\stm32f3xx_hal_uart_ex.o
 .comment       0x0000007c       0x7d Src\main.o
 .comment       0x0000007c       0x7d Src\stm32f3xx_hal_msp.o
 .comment       0x0000007c       0x7d Src\stm32f3xx_it.o
 .comment       0x0000007c       0x7d Src\system_stm32f3xx.o

.debug_frame    0x00000000     0x3398
 .debug_frame   0x00000000      0x334 Drivers\STM32F3xx_HAL_Driver\Src\stm32f3xx_hal.o
 .debug_frame   0x00000334      0x428 Drivers\STM32F3xx_HAL_Driver\Src\stm32f3xx_hal_cortex.o
 .debug_frame   0x0000075c      0x224 Drivers\STM32F3xx_HAL_Driver\Src\stm32f3xx_hal_dma.o
 .debug_frame   0x00000980      0x14c Drivers\STM32F3xx_HAL_Driver\Src\stm32f3xx_hal_gpio.o
 .debug_frame   0x00000acc      0x214 Drivers\STM32F3xx_HAL_Driver\Src\stm32f3xx_hal_rcc.o
 .debug_frame   0x00000ce0     0x1190 Drivers\STM32F3xx_HAL_Driver\Src\stm32f3xx_hal_tim.o
 .debug_frame   0x00001e70      0x610 Drivers\STM32F3xx_HAL_Driver\Src\stm32f3xx_hal_tim_ex.o
 .debug_frame   0x00002480      0x970 Drivers\STM32F3xx_HAL_Driver\Src\stm32f3xx_hal_uart.o
 .debug_frame   0x00002df0      0x120 Drivers\STM32F3xx_HAL_Driver\Src\stm32f3xx_hal_uart_ex.o
 .debug_frame   0x00002f10      0x1f0 Src\main.o
 .debug_frame   0x00003100       0xcc Src\stm32f3xx_hal_msp.o
 .debug_frame   0x000031cc      0x128 Src\stm32f3xx_it.o
 .debug_frame   0x000032f4       0x58 Src\system_stm32f3xx.o
 .debug_frame   0x0000334c       0x2c c:/program files (x86)/atollic/truestudio for stm32 9.3.0/armtools/bin/../lib/gcc/arm-atollic-eabi/6.3.1/../../../../arm-atollic-eabi/lib/armv7e-m/fpu\libc_nano.a(lib_a-init.o)
 .debug_frame   0x00003378       0x20 c:/program files (x86)/atollic/truestudio for stm32 9.3.0/armtools/bin/../lib/gcc/arm-atollic-eabi/6.3.1/../../../../arm-atollic-eabi/lib/armv7e-m/fpu\libc_nano.a(lib_a-memset.o)
