main.c:87:6:Takt	8	static
main.c:97:6:Write_DC	16	static
main.c:110:6:Read_DA	16	static
main.c:121:6:Cursor	16	static
main.c:139:6:WriteProg	8	static
main.c:160:6:Dsp1	8	static
main.c:181:6:InitializeLCD	8	static
main.c:278:6:SvigKursorKnop	8	static
main.c:308:6:ChVal	24	static
main.c:384:5:main	8	static
main.c:494:6:SystemClock_Config	72	static
main.c:532:13:MX_TIM6_Init	24	static
main.c:570:13:MX_USART3_UART_Init	8	static
main.c:605:13:MX_GPIO_Init	40	static
main.c:669:6:Error_Handler	4	static
